18:56:23.238 | INFO    | prefect - Starting temporary server on http://127.0.0.1:8566
See https://docs.prefect.io/v3/concepts/server#how-to-guides for more information on running a dedicated Prefect server.
18:56:24.829 | INFO    | Flow run 'magenta-crab' - Beginning flow run 'magenta-crab' for flow 'Pipeline Medallion HCN'
18:56:25.197 | INFO    | Task run 'Extraccion Foursquare-464' - Task run failed with exception: HTTPError('401 Client Error: Unauthorized for url: https://places-api.foursquare.com/places/search?query=restaurants&ll=4.85876%2C-74.05866&limit=50') - Retry 1/2 will start 5 second(s) from now
18:56:41.163 | INFO    | Task run 'Extraccion Foursquare-464' - Task run failed with exception: ChunkedEncodingError(ProtocolError('Connection broken: IncompleteRead(0 bytes read, 36 more expected)', IncompleteRead(0 bytes read, 36 more expected))) - Retry 2/2 will start 5 second(s) from now
18:56:46.694 | ERROR   | Task run 'Extraccion Foursquare-464' - Task run failed with exception: HTTPError('401 Client Error: Unauthorized for url: https://places-api.foursquare.com/places/search?query=restaurants&ll=4.85876%2C-74.05866&limit=50') - Retries are exhausted
Traceback (most recent call last):
  File "/opt/anaconda3/envs/pipeline_nube/lib/python3.10/site-packages/prefect/task_engine.py", line 1021, in run_context
    yield self
  File "/opt/anaconda3/envs/pipeline_nube/lib/python3.10/site-packages/prefect/task_engine.py", line 1683, in run_task_sync
    engine.call_task_fn(txn)
  File "/opt/anaconda3/envs/pipeline_nube/lib/python3.10/site-packages/prefect/task_engine.py", line 1038, in call_task_fn
    result = call_with_parameters(self.task.fn, parameters)
  File "/opt/anaconda3/envs/pipeline_nube/lib/python3.10/site-packages/prefect/utilities/callables/__init__.py", line 348, in call_with_parameters
    return fn(*args, **kwargs)
  File "/Users/estebanbejaranocaldas/Documents/maestria_analitica/cloud-data-pipeline/pipeline_orchestrator.py", line 62, in extract_places
    response.raise_for_status()
  File "/opt/anaconda3/envs/pipeline_nube/lib/python3.10/site-packages/requests/models.py", line 1167, in raise_for_status
    raise HTTPError(http_error_msg, response=self)
requests.exceptions.HTTPError: 401 Client Error: Unauthorized for url: https://places-api.foursquare.com/places/search?query=restaurants&ll=4.85876%2C-74.05866&limit=50
18:56:46.699 | ERROR   | Task run 'Extraccion Foursquare-464' - Finished in state Failed('Task run encountered an exception HTTPError: 401 Client Error: Unauthorized for url: https://places-api.foursquare.com/places/search?query=restaurants&ll=4.85876%2C-74.05866&limit=50')
18:56:46.700 | ERROR   | Flow run 'magenta-crab' - FALLO OPERATIVO: HTTPError: 401 Client Error: Unauthorized for url: https://places-api.foursquare.com/places/search?query=restaurants&ll=4.85876%2C-74.05866&limit=50
18:56:46.911 | INFO    | Flow run 'magenta-crab' - Finished in state Completed()
18:56:46.927 | INFO    | prefect - Stopping temporary server on http://127.0.0.1:8566
